workspace(name = "custom_name")

# bzl:generated start
FAKE_WORKSPACE
# bzl:generated end
